2026-08-13 20:50:22.183: [INFO] CurrentProfilePath: D:\java project- hotel room booking sys\.metadata\.plugins\org.eclipse.swt\EBWebView\Default
2026-08-13 20:50:22.183: [INFO] Profiles total count: 1
2026-08-13 20:50:22.183: [INFO] Profile: name=Profile 1 path=D:\java project- hotel room booking sys\.metadata\.plugins\org.eclipse.swt\EBWebView\Default lastActive=null
2026-08-13 20:50:22.183: [INFO] LastUsedProfileDir: D:\java project- hotel room booking sys\.metadata\.plugins\org.eclipse.swt\EBWebView\Default
2026-08-13 20:50:22.183: [INFO] OnDoneLoading sync enabled: 0
2026-08-13 20:50:22.183: [INFO] BookmarkModelLoaded, ids_reassigned: 0
2026-08-13 20:50:22.183: [INFO] BookmarksLoadDropped droppedNodes=0
2026-08-13 20:50:22.183: [INFO] BookmarksSnapshot Startup total=0 bar=0 other=0 mobile=0 showBar=0 showBarNTP=1
2026-08-13 20:50:33.848: [INFO] BookmarksSnapshot Shutdown total=0 bar=0 other=0 mobile=0 showBar=0 showBarNTP=1
2026-08-13 20:50:34.335: [INFO] CurrentProfilePath: D:\java project- hotel room booking sys\.metadata\.plugins\org.eclipse.swt\EBWebView\Default
2026-08-13 20:50:34.335: [INFO] Profiles total count: 1
2026-08-13 20:50:34.336: [INFO] Profile: name=Profile 1 path=D:\java project- hotel room booking sys\.metadata\.plugins\org.eclipse.swt\EBWebView\Default lastActive=2026-08-13T20:50:24.262Z
2026-08-13 20:50:34.336: [INFO] LastUsedProfileDir: D:\java project- hotel room booking sys\.metadata\.plugins\org.eclipse.swt\EBWebView\Default
2026-08-13 20:50:34.336: [INFO] MostRecentlyActiveProfile: name=Profile 1 path=D:\java project- hotel room booking sys\.metadata\.plugins\org.eclipse.swt\EBWebView\Default lastActive=2026-08-13T20:50:24.262Z
2026-08-13 20:50:34.336: [INFO] OnDoneLoading sync enabled: 0
2026-08-13 20:50:34.336: [INFO] BookmarkModelLoaded, ids_reassigned: 0
2026-08-13 20:50:34.336: [INFO] BookmarksLoadDropped droppedNodes=0
2026-08-13 20:50:34.336: [INFO] BookmarksSnapshot Startup total=0 bar=0 other=0 mobile=0 showBar=0 showBarNTP=1
2026-08-13 23:10:57.128: [INFO] BookmarksSnapshot Shutdown total=0 bar=0 other=0 mobile=0 showBar=0 showBarNTP=1
2026-08-14 18:56:35.598: [INFO] CurrentProfilePath: D:\java project- hotel room booking sys\.metadata\.plugins\org.eclipse.swt\EBWebView\Default
2026-08-14 18:56:35.598: [INFO] Profiles total count: 1
2026-08-14 18:56:35.599: [INFO] Profile: name=Profile 1 path=D:\java project- hotel room booking sys\.metadata\.plugins\org.eclipse.swt\EBWebView\Default lastActive=2026-08-13T20:54:53.622Z
2026-08-14 18:56:35.599: [INFO] LastUsedProfileDir: D:\java project- hotel room booking sys\.metadata\.plugins\org.eclipse.swt\EBWebView\Default
2026-08-14 18:56:35.599: [INFO] MostRecentlyActiveProfile: name=Profile 1 path=D:\java project- hotel room booking sys\.metadata\.plugins\org.eclipse.swt\EBWebView\Default lastActive=2026-08-13T20:54:53.622Z
2026-08-14 18:56:35.599: [INFO] OnDoneLoading sync enabled: 0
2026-08-14 18:56:35.599: [INFO] BookmarkModelLoaded, ids_reassigned: 0
2026-08-14 18:56:35.599: [INFO] BookmarksLoadDropped droppedNodes=0
2026-08-14 18:56:35.599: [INFO] BookmarksSnapshot Startup total=0 bar=0 other=0 mobile=0 showBar=0 showBarNTP=1
2026-08-14 21:29:51.859: [INFO] BookmarksSnapshot Shutdown total=0 bar=0 other=0 mobile=0 showBar=0 showBarNTP=1
2026-08-16 07:24:56.229: [INFO] CurrentProfilePath: D:\java project- hotel room booking sys\.metadata\.plugins\org.eclipse.swt\EBWebView\Default
2026-08-16 07:24:56.229: [INFO] Profiles total count: 1
2026-08-16 07:24:56.229: [INFO] Profile: name=Profile 1 path=D:\java project- hotel room booking sys\.metadata\.plugins\org.eclipse.swt\EBWebView\Default lastActive=2026-08-14T18:59:00.422Z
2026-08-16 07:24:56.229: [INFO] LastUsedProfileDir: D:\java project- hotel room booking sys\.metadata\.plugins\org.eclipse.swt\EBWebView\Default
2026-08-16 07:24:56.229: [INFO] MostRecentlyActiveProfile: name=Profile 1 path=D:\java project- hotel room booking sys\.metadata\.plugins\org.eclipse.swt\EBWebView\Default lastActive=2026-08-14T18:59:00.422Z
2026-08-16 07:24:56.229: [INFO] OnDoneLoading sync enabled: 0
2026-08-16 07:24:56.229: [INFO] BookmarkModelLoaded, ids_reassigned: 0
2026-08-16 07:24:56.229: [INFO] BookmarksLoadDropped droppedNodes=0
2026-08-16 07:24:56.229: [INFO] BookmarksSnapshot Startup total=0 bar=0 other=0 mobile=0 showBar=0 showBarNTP=1
2026-08-16 10:11:46.526: [INFO] BookmarksSnapshot Shutdown total=0 bar=0 other=0 mobile=0 showBar=0 showBarNTP=1
2026-08-16 18:43:19.995: [INFO] CurrentProfilePath: D:\java project- hotel room booking sys\.metadata\.plugins\org.eclipse.swt\EBWebView\Default
2026-08-16 18:43:19.995: [INFO] Profiles total count: 1
2026-08-16 18:43:19.996: [INFO] Profile: name=Profile 1 path=D:\java project- hotel room booking sys\.metadata\.plugins\org.eclipse.swt\EBWebView\Default lastActive=2026-08-14T18:59:00.422Z
2026-08-16 18:43:19.996: [INFO] LastUsedProfileDir: D:\java project- hotel room booking sys\.metadata\.plugins\org.eclipse.swt\EBWebView\Default
2026-08-16 18:43:19.996: [INFO] MostRecentlyActiveProfile: name=Profile 1 path=D:\java project- hotel room booking sys\.metadata\.plugins\org.eclipse.swt\EBWebView\Default lastActive=2026-08-14T18:59:00.422Z
2026-08-16 18:43:19.996: [INFO] OnDoneLoading sync enabled: 0
2026-08-16 18:43:19.996: [INFO] BookmarkModelLoaded, ids_reassigned: 0
2026-08-16 18:43:19.996: [INFO] BookmarksLoadDropped droppedNodes=0
2026-08-16 18:43:19.996: [INFO] BookmarksSnapshot Startup total=0 bar=0 other=0 mobile=0 showBar=0 showBarNTP=1
2026-08-16 21:22:41.751: [INFO] BookmarksSnapshot Shutdown total=0 bar=0 other=0 mobile=0 showBar=0 showBarNTP=1
2026-08-17 15:44:29.090: [INFO] CurrentProfilePath: D:\java project- hotel room booking sys\.metadata\.plugins\org.eclipse.swt\EBWebView\Default
2026-08-17 15:44:29.090: [INFO] Profiles total count: 1
2026-08-17 15:44:29.090: [INFO] Profile: name=Profile 1 path=D:\java project- hotel room booking sys\.metadata\.plugins\org.eclipse.swt\EBWebView\Default lastActive=2026-08-16T18:45:19.302Z
2026-08-17 15:44:29.090: [INFO] LastUsedProfileDir: D:\java project- hotel room booking sys\.metadata\.plugins\org.eclipse.swt\EBWebView\Default
2026-08-17 15:44:29.090: [INFO] MostRecentlyActiveProfile: name=Profile 1 path=D:\java project- hotel room booking sys\.metadata\.plugins\org.eclipse.swt\EBWebView\Default lastActive=2026-08-16T18:45:19.302Z
2026-08-17 15:44:29.090: [INFO] OnDoneLoading sync enabled: 0
2026-08-17 15:44:29.090: [INFO] BookmarkModelLoaded, ids_reassigned: 0
2026-08-17 15:44:29.090: [INFO] BookmarksLoadDropped droppedNodes=0
2026-08-17 15:44:29.090: [INFO] BookmarksSnapshot Startup total=0 bar=0 other=0 mobile=0 showBar=0 showBarNTP=1
2026-08-17 22:09:13.727: [INFO] BookmarksSnapshot Shutdown total=0 bar=0 other=0 mobile=0 showBar=0 showBarNTP=1
2026-08-18 06:27:43.170: [INFO] CurrentProfilePath: D:\java project- hotel room booking sys\.metadata\.plugins\org.eclipse.swt\EBWebView\Default
2026-08-18 06:27:43.170: [INFO] Profiles total count: 1
2026-08-18 06:27:43.170: [INFO] Profile: name=Profile 1 path=D:\java project- hotel room booking sys\.metadata\.plugins\org.eclipse.swt\EBWebView\Default lastActive=2026-08-17T15:44:49.530Z
2026-08-18 06:27:43.170: [INFO] LastUsedProfileDir: D:\java project- hotel room booking sys\.metadata\.plugins\org.eclipse.swt\EBWebView\Default
2026-08-18 06:27:43.170: [INFO] MostRecentlyActiveProfile: name=Profile 1 path=D:\java project- hotel room booking sys\.metadata\.plugins\org.eclipse.swt\EBWebView\Default lastActive=2026-08-17T15:44:49.530Z
2026-08-18 06:27:43.170: [INFO] OnDoneLoading sync enabled: 0
2026-08-18 06:27:43.170: [INFO] BookmarkModelLoaded, ids_reassigned: 0
2026-08-18 06:27:43.170: [INFO] BookmarksLoadDropped droppedNodes=0
2026-08-18 06:27:43.170: [INFO] BookmarksSnapshot Startup total=0 bar=0 other=0 mobile=0 showBar=0 showBarNTP=1
2026-08-18 22:02:18.465: [INFO] BookmarksSnapshot Shutdown total=0 bar=0 other=0 mobile=0 showBar=0 showBarNTP=1
2026-08-19 18:29:22.013: [INFO] CurrentProfilePath: D:\java project- hotel room booking sys\.metadata\.plugins\org.eclipse.swt\EBWebView\Default
2026-08-19 18:29:22.013: [INFO] Profiles total count: 1
2026-08-19 18:29:22.013: [INFO] Profile: name=Profile 1 path=D:\java project- hotel room booking sys\.metadata\.plugins\org.eclipse.swt\EBWebView\Default lastActive=2026-08-17T15:44:49.530Z
2026-08-19 18:29:22.013: [INFO] LastUsedProfileDir: D:\java project- hotel room booking sys\.metadata\.plugins\org.eclipse.swt\EBWebView\Default
2026-08-19 18:29:22.013: [INFO] MostRecentlyActiveProfile: name=Profile 1 path=D:\java project- hotel room booking sys\.metadata\.plugins\org.eclipse.swt\EBWebView\Default lastActive=2026-08-17T15:44:49.530Z
2026-08-19 18:29:22.013: [INFO] OnDoneLoading sync enabled: 0
2026-08-19 18:29:22.013: [INFO] BookmarkModelLoaded, ids_reassigned: 0
2026-08-19 18:29:22.013: [INFO] BookmarksLoadDropped droppedNodes=0
2026-08-19 18:29:22.013: [INFO] BookmarksSnapshot Startup total=0 bar=0 other=0 mobile=0 showBar=0 showBarNTP=1
2026-08-19 21:53:22.213: [INFO] BookmarksSnapshot Shutdown total=0 bar=0 other=0 mobile=0 showBar=0 showBarNTP=1
2026-08-20 06:50:21.164: [INFO] CurrentProfilePath: D:\java project- hotel room booking sys\.metadata\.plugins\org.eclipse.swt\EBWebView\Default
2026-08-20 06:50:21.164: [INFO] Profiles total count: 1
2026-08-20 06:50:21.164: [INFO] Profile: name=Profile 1 path=D:\java project- hotel room booking sys\.metadata\.plugins\org.eclipse.swt\EBWebView\Default lastActive=2026-08-17T15:44:49.530Z
2026-08-20 06:50:21.164: [INFO] LastUsedProfileDir: D:\java project- hotel room booking sys\.metadata\.plugins\org.eclipse.swt\EBWebView\Default
2026-08-20 06:50:21.164: [INFO] MostRecentlyActiveProfile: name=Profile 1 path=D:\java project- hotel room booking sys\.metadata\.plugins\org.eclipse.swt\EBWebView\Default lastActive=2026-08-17T15:44:49.530Z
2026-08-20 06:50:21.164: [INFO] OnDoneLoading sync enabled: 0
2026-08-20 06:50:21.164: [INFO] BookmarkModelLoaded, ids_reassigned: 0
2026-08-20 06:50:21.164: [INFO] BookmarksLoadDropped droppedNodes=0
2026-08-20 06:50:21.164: [INFO] BookmarksSnapshot Startup total=0 bar=0 other=0 mobile=0 showBar=0 showBarNTP=1
2026-08-20 21:20:28.397: [INFO] BookmarksSnapshot Shutdown total=0 bar=0 other=0 mobile=0 showBar=0 showBarNTP=1
2026-08-20 21:51:18.116: [INFO] CurrentProfilePath: D:\java project- hotel room booking sys\.metadata\.plugins\org.eclipse.swt\EBWebView\Default
2026-08-20 21:51:18.116: [INFO] Profiles total count: 1
2026-08-20 21:51:18.116: [INFO] Profile: name=Profile 1 path=D:\java project- hotel room booking sys\.metadata\.plugins\org.eclipse.swt\EBWebView\Default lastActive=2026-08-17T15:44:49.530Z
2026-08-20 21:51:18.116: [INFO] LastUsedProfileDir: D:\java project- hotel room booking sys\.metadata\.plugins\org.eclipse.swt\EBWebView\Default
2026-08-20 21:51:18.116: [INFO] MostRecentlyActiveProfile: name=Profile 1 path=D:\java project- hotel room booking sys\.metadata\.plugins\org.eclipse.swt\EBWebView\Default lastActive=2026-08-17T15:44:49.530Z
2026-08-20 21:51:18.116: [INFO] OnDoneLoading sync enabled: 0
2026-08-20 21:51:18.116: [INFO] BookmarkModelLoaded, ids_reassigned: 0
2026-08-20 21:51:18.116: [INFO] BookmarksLoadDropped droppedNodes=0
2026-08-20 21:51:18.116: [INFO] BookmarksSnapshot Startup total=0 bar=0 other=0 mobile=0 showBar=0 showBarNTP=1
2026-08-20 22:01:43.489: [INFO] BookmarksSnapshot Shutdown total=0 bar=0 other=0 mobile=0 showBar=0 showBarNTP=1
2026-08-21 07:52:02.407: [INFO] CurrentProfilePath: D:\java project- hotel room booking sys\.metadata\.plugins\org.eclipse.swt\EBWebView\Default
2026-08-21 07:52:02.407: [INFO] Profiles total count: 1
2026-08-21 07:52:02.408: [INFO] Profile: name=Profile 1 path=D:\java project- hotel room booking sys\.metadata\.plugins\org.eclipse.swt\EBWebView\Default lastActive=2026-08-20T22:01:38.459Z
2026-08-21 07:52:02.408: [INFO] LastUsedProfileDir: D:\java project- hotel room booking sys\.metadata\.plugins\org.eclipse.swt\EBWebView\Default
2026-08-21 07:52:02.408: [INFO] MostRecentlyActiveProfile: name=Profile 1 path=D:\java project- hotel room booking sys\.metadata\.plugins\org.eclipse.swt\EBWebView\Default lastActive=2026-08-20T22:01:38.459Z
2026-08-21 07:52:02.408: [INFO] OnDoneLoading sync enabled: 0
2026-08-21 07:52:02.408: [INFO] BookmarkModelLoaded, ids_reassigned: 0
2026-08-21 07:52:02.408: [INFO] BookmarksLoadDropped droppedNodes=0
2026-08-21 07:52:02.408: [INFO] BookmarksSnapshot Startup total=0 bar=0 other=0 mobile=0 showBar=0 showBarNTP=1
2026-08-21 22:53:54.903: [INFO] BookmarksSnapshot Shutdown total=0 bar=0 other=0 mobile=0 showBar=0 showBarNTP=1
2026-08-22 19:10:04.024: [INFO] CurrentProfilePath: D:\java project- hotel room booking sys\.metadata\.plugins\org.eclipse.swt\EBWebView\Default
2026-08-22 19:10:04.024: [INFO] Profiles total count: 1
2026-08-22 19:10:04.025: [INFO] Profile: name=Profile 1 path=D:\java project- hotel room booking sys\.metadata\.plugins\org.eclipse.swt\EBWebView\Default lastActive=2026-08-21T07:52:04.970Z
2026-08-22 19:10:04.025: [INFO] LastUsedProfileDir: D:\java project- hotel room booking sys\.metadata\.plugins\org.eclipse.swt\EBWebView\Default
2026-08-22 19:10:04.025: [INFO] MostRecentlyActiveProfile: name=Profile 1 path=D:\java project- hotel room booking sys\.metadata\.plugins\org.eclipse.swt\EBWebView\Default lastActive=2026-08-21T07:52:04.970Z
2026-08-22 19:10:04.025: [INFO] OnDoneLoading sync enabled: 0
2026-08-22 19:10:04.025: [INFO] BookmarkModelLoaded, ids_reassigned: 0
2026-08-22 19:10:04.025: [INFO] BookmarksLoadDropped droppedNodes=0
2026-08-22 19:10:04.025: [INFO] BookmarksSnapshot Startup total=0 bar=0 other=0 mobile=0 showBar=0 showBarNTP=1
2026-08-22 22:16:16.960: [INFO] BookmarksSnapshot Shutdown total=0 bar=0 other=0 mobile=0 showBar=0 showBarNTP=1
2026-08-23 16:16:17.838: [INFO] CurrentProfilePath: D:\java project- hotel room booking sys\.metadata\.plugins\org.eclipse.swt\EBWebView\Default
2026-08-23 16:16:17.838: [INFO] Profiles total count: 1
2026-08-23 16:16:17.838: [INFO] Profile: name=Profile 1 path=D:\java project- hotel room booking sys\.metadata\.plugins\org.eclipse.swt\EBWebView\Default lastActive=2026-08-21T07:52:04.970Z
2026-08-23 16:16:17.838: [INFO] LastUsedProfileDir: D:\java project- hotel room booking sys\.metadata\.plugins\org.eclipse.swt\EBWebView\Default
2026-08-23 16:16:17.838: [INFO] MostRecentlyActiveProfile: name=Profile 1 path=D:\java project- hotel room booking sys\.metadata\.plugins\org.eclipse.swt\EBWebView\Default lastActive=2026-08-21T07:52:04.970Z
2026-08-23 16:16:17.838: [INFO] OnDoneLoading sync enabled: 0
2026-08-23 16:16:17.838: [INFO] BookmarkModelLoaded, ids_reassigned: 0
2026-08-23 16:16:17.838: [INFO] BookmarksLoadDropped droppedNodes=0
2026-08-23 16:16:17.838: [INFO] BookmarksSnapshot Startup total=0 bar=0 other=0 mobile=0 showBar=0 showBarNTP=1
2026-08-23 20:46:12.992: [INFO] BookmarksSnapshot Shutdown total=0 bar=0 other=0 mobile=0 showBar=0 showBarNTP=1
2026-08-24 19:16:49.098: [INFO] CurrentProfilePath: D:\java project- hotel room booking sys\.metadata\.plugins\org.eclipse.swt\EBWebView\Default
2026-08-24 19:16:49.098: [INFO] Profiles total count: 1
2026-08-24 19:16:49.098: [INFO] Profile: name=Profile 1 path=D:\java project- hotel room booking sys\.metadata\.plugins\org.eclipse.swt\EBWebView\Default lastActive=2026-08-21T07:52:04.970Z
2026-08-24 19:16:49.098: [INFO] LastUsedProfileDir: D:\java project- hotel room booking sys\.metadata\.plugins\org.eclipse.swt\EBWebView\Default
2026-08-24 19:16:49.098: [INFO] MostRecentlyActiveProfile: name=Profile 1 path=D:\java project- hotel room booking sys\.metadata\.plugins\org.eclipse.swt\EBWebView\Default lastActive=2026-08-21T07:52:04.970Z
2026-08-24 19:16:49.098: [INFO] OnDoneLoading sync enabled: 0
2026-08-24 19:16:49.098: [INFO] BookmarkModelLoaded, ids_reassigned: 0
2026-08-24 19:16:49.098: [INFO] BookmarksLoadDropped droppedNodes=0
2026-08-24 19:16:49.098: [INFO] BookmarksSnapshot Startup total=0 bar=0 other=0 mobile=0 showBar=0 showBarNTP=1
2026-08-24 20:46:54.096: [INFO] BookmarksSnapshot Shutdown total=0 bar=0 other=0 mobile=0 showBar=0 showBarNTP=1
2026-08-25 18:16:04.131: [INFO] CurrentProfilePath: D:\java project- hotel room booking sys\.metadata\.plugins\org.eclipse.swt\EBWebView\Default
2026-08-25 18:16:04.131: [INFO] Profiles total count: 1
2026-08-25 18:16:04.132: [INFO] Profile: name=Profile 1 path=D:\java project- hotel room booking sys\.metadata\.plugins\org.eclipse.swt\EBWebView\Default lastActive=2026-08-24T19:18:15.869Z
2026-08-25 18:16:04.132: [INFO] LastUsedProfileDir: D:\java project- hotel room booking sys\.metadata\.plugins\org.eclipse.swt\EBWebView\Default
2026-08-25 18:16:04.132: [INFO] MostRecentlyActiveProfile: name=Profile 1 path=D:\java project- hotel room booking sys\.metadata\.plugins\org.eclipse.swt\EBWebView\Default lastActive=2026-08-24T19:18:15.869Z
2026-08-25 18:16:04.132: [INFO] OnDoneLoading sync enabled: 0
2026-08-25 18:16:04.132: [INFO] BookmarkModelLoaded, ids_reassigned: 0
2026-08-25 18:16:04.132: [INFO] BookmarksLoadDropped droppedNodes=0
2026-08-25 18:16:04.132: [INFO] BookmarksSnapshot Startup total=0 bar=0 other=0 mobile=0 showBar=0 showBarNTP=1
2026-08-26 17:45:53.023: [INFO] CurrentProfilePath: D:\java project- hotel room booking sys\.metadata\.plugins\org.eclipse.swt\EBWebView\Default
2026-08-26 17:45:53.023: [INFO] Profiles total count: 1
2026-08-26 17:45:53.023: [INFO] Profile: name=Profile 1 path=D:\java project- hotel room booking sys\.metadata\.plugins\org.eclipse.swt\EBWebView\Default lastActive=2026-08-24T19:18:15.869Z
2026-08-26 17:45:53.023: [INFO] LastUsedProfileDir: D:\java project- hotel room booking sys\.metadata\.plugins\org.eclipse.swt\EBWebView\Default
2026-08-26 17:45:53.023: [INFO] MostRecentlyActiveProfile: name=Profile 1 path=D:\java project- hotel room booking sys\.metadata\.plugins\org.eclipse.swt\EBWebView\Default lastActive=2026-08-24T19:18:15.869Z
2026-08-26 17:45:53.023: [INFO] OnDoneLoading sync enabled: 0
2026-08-26 17:45:53.023: [INFO] BookmarkModelLoaded, ids_reassigned: 0
2026-08-26 17:45:53.023: [INFO] BookmarksLoadDropped droppedNodes=0
2026-08-26 17:45:53.023: [INFO] BookmarksSnapshot Startup total=0 bar=0 other=0 mobile=0 showBar=0 showBarNTP=1
2026-08-26 20:16:10.668: [INFO] BookmarksSnapshot Shutdown total=0 bar=0 other=0 mobile=0 showBar=0 showBarNTP=1
2026-08-28 20:20:23.466: [INFO] CurrentProfilePath: D:\java project- hotel room booking sys\.metadata\.plugins\org.eclipse.swt\EBWebView\Default
2026-08-28 20:20:23.466: [INFO] Profiles total count: 1
2026-08-28 20:20:23.466: [INFO] Profile: name=Profile 1 path=D:\java project- hotel room booking sys\.metadata\.plugins\org.eclipse.swt\EBWebView\Default lastActive=2026-08-26T17:46:18.964Z
2026-08-28 20:20:23.466: [INFO] LastUsedProfileDir: D:\java project- hotel room booking sys\.metadata\.plugins\org.eclipse.swt\EBWebView\Default
2026-08-28 20:20:23.466: [INFO] MostRecentlyActiveProfile: name=Profile 1 path=D:\java project- hotel room booking sys\.metadata\.plugins\org.eclipse.swt\EBWebView\Default lastActive=2026-08-26T17:46:18.964Z
2026-08-28 20:20:23.466: [INFO] OnDoneLoading sync enabled: 0
2026-08-28 20:20:23.466: [INFO] BookmarkModelLoaded, ids_reassigned: 0
2026-08-28 20:20:23.466: [INFO] BookmarksLoadDropped droppedNodes=0
2026-08-28 20:20:23.466: [INFO] BookmarksSnapshot Startup total=0 bar=0 other=0 mobile=0 showBar=0 showBarNTP=1
2026-08-28 22:49:25.334: [INFO] BookmarksSnapshot Shutdown total=0 bar=0 other=0 mobile=0 showBar=0 showBarNTP=1
2026-08-29 21:07:42.574: [INFO] CurrentProfilePath: D:\java project- hotel room booking sys\.metadata\.plugins\org.eclipse.swt\EBWebView\Default
2026-08-29 21:07:42.574: [INFO] Profiles total count: 1
2026-08-29 21:07:42.574: [INFO] Profile: name=Profile 1 path=D:\java project- hotel room booking sys\.metadata\.plugins\org.eclipse.swt\EBWebView\Default lastActive=2026-08-26T17:46:18.964Z
2026-08-29 21:07:42.574: [INFO] LastUsedProfileDir: D:\java project- hotel room booking sys\.metadata\.plugins\org.eclipse.swt\EBWebView\Default
2026-08-29 21:07:42.574: [INFO] MostRecentlyActiveProfile: name=Profile 1 path=D:\java project- hotel room booking sys\.metadata\.plugins\org.eclipse.swt\EBWebView\Default lastActive=2026-08-26T17:46:18.964Z
2026-08-29 21:07:42.574: [INFO] OnDoneLoading sync enabled: 0
2026-08-29 21:07:42.574: [INFO] BookmarkModelLoaded, ids_reassigned: 0
2026-08-29 21:07:42.574: [INFO] BookmarksLoadDropped droppedNodes=0
2026-08-29 21:07:42.574: [INFO] BookmarksSnapshot Startup total=0 bar=0 other=0 mobile=0 showBar=0 showBarNTP=1
2026-08-29 21:28:07.075: [INFO] BookmarksSnapshot Shutdown total=0 bar=0 other=0 mobile=0 showBar=0 showBarNTP=1
2026-09-02 21:04:34.609: [INFO] CurrentProfilePath: D:\java project- hotel room booking sys\.metadata\.plugins\org.eclipse.swt\EBWebView\Default
2026-09-02 21:04:34.609: [INFO] Profiles total count: 1
2026-09-02 21:04:34.609: [INFO] Profile: name=Profile 1 path=D:\java project- hotel room booking sys\.metadata\.plugins\org.eclipse.swt\EBWebView\Default lastActive=2026-08-29T21:07:48.083Z
2026-09-02 21:04:34.609: [INFO] LastUsedProfileDir: D:\java project- hotel room booking sys\.metadata\.plugins\org.eclipse.swt\EBWebView\Default
2026-09-02 21:04:34.609: [INFO] MostRecentlyActiveProfile: name=Profile 1 path=D:\java project- hotel room booking sys\.metadata\.plugins\org.eclipse.swt\EBWebView\Default lastActive=2026-08-29T21:07:48.083Z
2026-09-02 21:04:34.609: [INFO] OnDoneLoading sync enabled: 0
2026-09-02 21:04:34.609: [INFO] BookmarkModelLoaded, ids_reassigned: 0
2026-09-02 21:04:34.609: [INFO] BookmarksLoadDropped droppedNodes=0
2026-09-02 21:04:34.609: [INFO] BookmarksSnapshot Startup total=0 bar=0 other=0 mobile=0 showBar=0 showBarNTP=1
2026-09-02 22:24:13.551: [INFO] BookmarksSnapshot Shutdown total=0 bar=0 other=0 mobile=0 showBar=0 showBarNTP=1
2026-09-03 19:18:29.808: [INFO] CurrentProfilePath: D:\java project- hotel room booking sys\.metadata\.plugins\org.eclipse.swt\EBWebView\Default
2026-09-03 19:18:29.808: [INFO] Profiles total count: 1
2026-09-03 19:18:29.808: [INFO] Profile: name=Profile 1 path=D:\java project- hotel room booking sys\.metadata\.plugins\org.eclipse.swt\EBWebView\Default lastActive=2026-08-29T21:07:48.083Z
2026-09-03 19:18:29.808: [INFO] LastUsedProfileDir: D:\java project- hotel room booking sys\.metadata\.plugins\org.eclipse.swt\EBWebView\Default
2026-09-03 19:18:29.808: [INFO] MostRecentlyActiveProfile: name=Profile 1 path=D:\java project- hotel room booking sys\.metadata\.plugins\org.eclipse.swt\EBWebView\Default lastActive=2026-08-29T21:07:48.083Z
2026-09-03 19:18:29.808: [INFO] OnDoneLoading sync enabled: 0
2026-09-03 19:18:29.808: [INFO] BookmarkModelLoaded, ids_reassigned: 0
2026-09-03 19:18:29.808: [INFO] BookmarksLoadDropped droppedNodes=0
2026-09-03 19:18:29.808: [INFO] BookmarksSnapshot Startup total=0 bar=0 other=0 mobile=0 showBar=0 showBarNTP=1
2026-09-03 22:45:03.205: [INFO] BookmarksSnapshot Shutdown total=0 bar=0 other=0 mobile=0 showBar=0 showBarNTP=1
2026-09-05 11:16:46.741: [INFO] CurrentProfilePath: D:\java project- hotel room booking sys\.metadata\.plugins\org.eclipse.swt\EBWebView\Default
2026-09-05 11:16:46.741: [INFO] Profiles total count: 1
2026-09-05 11:16:46.741: [INFO] Profile: name=Profile 1 path=D:\java project- hotel room booking sys\.metadata\.plugins\org.eclipse.swt\EBWebView\Default lastActive=2026-09-03T19:58:27.926Z
2026-09-05 11:16:46.741: [INFO] LastUsedProfileDir: D:\java project- hotel room booking sys\.metadata\.plugins\org.eclipse.swt\EBWebView\Default
2026-09-05 11:16:46.741: [INFO] MostRecentlyActiveProfile: name=Profile 1 path=D:\java project- hotel room booking sys\.metadata\.plugins\org.eclipse.swt\EBWebView\Default lastActive=2026-09-03T19:58:27.926Z
2026-09-05 11:16:46.741: [INFO] OnDoneLoading sync enabled: 0
2026-09-05 11:16:46.741: [INFO] BookmarkModelLoaded, ids_reassigned: 0
2026-09-05 11:16:46.741: [INFO] BookmarksLoadDropped droppedNodes=0
2026-09-05 11:16:46.741: [INFO] BookmarksSnapshot Startup total=0 bar=0 other=0 mobile=0 showBar=0 showBarNTP=1
